Re, Hh^Qhh, Hh^Qhh, Hh^Qhh, Hh^Qhh, Hh^Qhh, Hh^Qhh, Hh^Qhh, Hh, Hh, Hh, Hh, Hh, Gg, Hh, Gg, Gg^Qhh, Gg^Qhh, Hh, Gg, Hh, Gg, Gg, Gg, Hh, Gg, Hh, Gg, Hh
Gg^Qhh, Re, Re, Hh^Qhh, Hh^Qhh, Hh^Qhh, Hh^Qhh, Hh, Gg, Gg, Gg, Hh, Hh, Hh, Hh, Hh^Qhh, Hh, Hh, Hh, Re^Vct, Hh, Gg, Ker, Gg, Hh, Hh, Gg, Hh, Gg
Gs^Qhu, Gg^Qhh, Gg^Qhh, Re, Re, Hh^Qhh, Re, Gg, Gg, Gs^Es, Gg, Gg, Gg, Gg, Gg, Gg^Qhh, Gg, Hh, Hh, Hh, Hh, Hh, Cer, Hh, Hh, Hh, Hh, Hh, Gg
Ss, Gs^Qhu, Gg^Qhu, Gg^Qhh, Gg^Qhh, Re, Chr, Re, Re, Gg, Gg^Wm, Gs, Gs, Gg^Efm, Gs^Efm, Gg^Qhh, Gg, Gg, Hh, Hh, Hh, Cer, Cer, Cer, Gg, Re^Vct, Hh, Gg, Gg
Sm, Gs, Gs, Gs^Qhu, Gg^Qhh, Chr, Gs, Gg, Gg, Re, Re, Re, Re, Gs, Gg, Gg^Qhh, Gg, Gg, Gs, Re^Vct, Gg, Gg, Gg, Gg^Ecf, Gs, Gg, Gg, Hh, Hh
Ss, Ss, Gs, Gs, Gg^Qhu, Gg, Gs, Gs, Hh, Gg, Gg, Gg^Efm, Gg^Efm, Re, Re, Gg^Qhh, Gg^Qhh, Gs, Gg, Gg^Es, Gg, Gg, Gs, Gg, Gg^Efm, Gg^Efm, Gg, Gg, Hh
Sm, Ss, Ss, Gs, Gs^Qhu, Gg, Ds, Gg, Hh, Hh, Hh^Vhh, Gg^Efm, Gg, Gs^Vh, Re, Gg, Gg, Gs^Qhh, Gs^Qhh, Gg, Gs, Gs, Gg^Efm, Gg, Gs^Fds, Gg, Gs^_mh, Gg, Gg
Sm, Sm, Sm, Ww^Wkf, Ww^Qhu, Ww, Ww, Ds^Ewsh, Ds, Hh, Hh, Hh, Gs, Gg, Re, Gg, Gg, Gg, Ds, Gs^Qhh, Gg^Qhh, Gg, Gg, Gg^Efm, Gs^Fds, Gs^Fds, Gs^Fds, Gg, Gg^Qhh
Sm, Sm, Gs, Gs^Qhu, Gg, Gg, Gg, Ww, Ww, Ds, Hh, Hh, Gg, Gg, Re, Gg, Ds, Ds, Ww, Ww, Ww, Gg^Qhh, Gg^Qhh, Gg^Qhh, Gg^Qhh, Gs^Vl, Gg^Qhh, Gg^Qhh, Wwr
Ss, Sm, Gs^Es, Gs^Qhu, Gs^Qhu, Gg, Gg, Gg, Gs^Fds, Ww, Wwr, Hh, Gg, Gg, Re, Gg, Ww, Ww, Gg^Qhh, Gg^Qhh, Gg^Qhh, Ww, Ww, Ww, Ww, Gg^Qhh, Wwr, Wwr, Gg^Qhh
Sm, Ss, Ss, Gs, Gs, Gg^Qhu, Gg, Gs^Fds, Gg^Fet, Gs^Fds, Gs^Fds, Wwr, Ww, Gg, Wwf, Wwf, Gg^Qhh, Gg^Qhh, Gg^Efm, Gg, Gg, Gg^Qhh, Gg^Qhh, Gg^Qhh, Gg^Qhh, Ww, Gg^Qhh, Gg^Qhh, Gg
Sm, Sm, Sm, Ss, Ww^Wkf, Ww^Qhu, Ww, Gg, Gs, Gs^Fds, Gg, Gs^Fds, Ww, Wwf, Re^Qhh, Gg^Qhh, Gg, Gg^Efm, Gs, Gg^Efm, Gg^Es, Gs, Gg, Gg, Gg, Gg^Qhh, Gs^Fds, Gs^Fds, Gs^Fds
Sm, Sm, Sm, Ss, Gs^Efm, Gs^Qhu, Gg, Ww, Ww, Gs, Ww, Ww, Gg^Qhh, Ch^Qhh, Re, Gg, Gg, Gg, Gg^Efm, Gs, Gs, Gs, Gg^_mh, Gg, Gs, Gs^Efm, Gg^Efm, Gs^Fds, Gs^Fds
Ss, Gs^Es, Gs, Gs, Gs^Efm, Gs^Qhu, Gg^Efm, Gg^Efm, Ww, Wwr, Gg^Qhh, Gg^Qhh, Gs, Gg, Gg, Re, Re, Gg, Gg, Gg^Efm, Gs, Gg, Gg, Gg, Gg^Vwm, Gg, Gg, Gg, Gg^Eff
Gg, Ss, Ss, Ss, Gs, Gs^Qhu, Gg^Efm, Gg, Ww, Gg^Qhh, Gs^Efm, Gs^Efm, Gs^Efm, Gg^Efm, Gg, Gg, Gs^Ebn, Re, Re, Gs^Vh, Gg, Gs, Gg, Gg, Gs, Gg, Gg^Eff, Gg^Eff, Gg^Gvs
Sm, Ss^Vhs, Sm, Sm, Ww^Wkf, Gs^Qhu, Gg, Gg, Ww, Gg^Qhh, Gg, Gs^Efm, Gg^Efm, Gg, Re, Gg, Re, Re, Ce, Re, Re, Gg, Gg, Gg, Gs^Eff, Gg^Eff, Gg^Gvs, Gg^Gvs, Gg^Gvs
Sm, Sm, Sm, Sm, Gs, Ww^Qhu, Ww, Gg, Ww, Gg^Qhh, Gg, Gg, Re, Re, Re, Re, Gg, Ce, Ke, Ce, Re, Re, Gg, Gg, Gg^Eff, Gs^Eff, Gg^Gvs, Gg^Gvs, Gg
Ss, Ss, Ss, Gs^Efm, Gg^Qhu, Gg^Qhu, Gg, Ww, Gg^Qhh, Gg^Qhh, Re, Re, Gg, Gs^Vh, Gg, Re, Gg, Ce, Ce, Ce, Re, Re, Gg^Eff, Gg^Eff, Gg^Gvs, Gg^Gvs, Gg^Gvs, Gg^Gvs, Gg^Gvs
Ss, Ss, Gs^_ml, Gs, Gg^Qhu, Gg^Efm, Gg^Efm, Gg, Gg^Qhh, Re, Gs^Vh, Gg, Gs, Gg, Gg, Re, Gg, Gg, Gg, Gg, Gs^Vh, Re, Gg, Gg^Eff, Gg, Gg^Gvs, Gg^Gvs, Gg^Gvs, Gg^Gvs
Gg, Ss, Gs^Qhu, Gs^Qhu, Gg, Gg, Gg, Gg, Re^Qhh, Re, Gg, Gg, Gg, Gs, Gg, Re, Re, Gg, Gg, Gg, Gg, Re, Re, Gg, Gg, Gg^Eff, Gg^Eff, Gg^Gvs, Gg
