NClt, NClt, NClt, NClt, NClt, NClt, NClt, NClt, NClt, NClt, NClt, NClt, NClt, NClt, NClt, NClt, NClt, NClt, NClt, NClt, NClt, NClt, NClt, NClt, NClt, NClt, NClt, NClt, NClt, NClt, NClt, NClt, NClt, NClt, NClt, NClt, NClt, NClt, NClt, NClt, NClt, NClt, NClt, NClt, NClt, NClt, NClt
NClt, NClt, NClt, NClt, NClt, NClt, NClt, NClt, NClt, NClt, NClt, NClt, NClt, NClt, NClt, NClt, NClt, NClt, NClt, NClt, NClt, NClt, NClt, NClt, NClt, NClt, NClt, NClt, NClt, NClt, NClt, NClt, NClt, NClt, NClt, NClt, NClt, NClt, NClt, NClt, NClt, NClt, NClt, NClt, NClt, NClt, NClt
NClt, NClt, NClt, NClt, NClt, NClt, NClt, NClt, NClt, NClt, NClt, NClt, NClt, NClt, NClt, NClt, NClt, NClt, NClt, NClt, NClt, NClt, NClt, NClt, NClt, NClt, NClt, NClt, NClt, NClt, NClt, NClt, NClt, NClt, NClt, NClt, NClt, NClt, NClt, NClt, NClt, NClt, NClt, NClt, NClt, NClt, NClt
NClt, NClt, NClt, NClt, NClt, NClt, NClt, NClt, NClt, NClt, NClt, NClt, NClt, NClt, NClt, NClt, NClt, NClt, NClt, NClt, NClt, NClt, NClt^Xo, NClt^Xo, NClt^Xo, NClt, NClt, NClt, NClt, NClt, NClt, NClt, NClt, NClt, NClt, NClt, NClt, NClt, NClt, NClt, NClt, NClt, NClt, NClt, NClt, NClt, NClt
NClt, NClt, NClt, NClt, NClt, NClt, NClt, NClt, NClt, NClt, NClt, NClt, NClt, NClt, NClt, NClt, NClt, NClt, NClt, NClt, NClt^Xo, NClt^Xo, NClt, NClt, NClt, NClt^Xo, NClt^Xo, NClt, NClt, NClt, NClt, NClt, NClt, NClt, NClt, NClt, NClt, NClt, NClt, NClt, NClt, NClt, NClt, NClt, NClt, NClt, NClt
NClt, NClt, NClt, NClt, NClt, NClt, NClt, NClt, NClt, NClt, NClt, NClt, NClt, NClt, NClt, NClt, NClt, NClt, NClt^Xo, NClt^Xo, NClt, NClt, NClt, NClt, NClt, NClt, NClt, NClt^Xo, NClt^Xo, NClt, NClt, NClt, NClt, NClt, NClt, NClt, NClt, NClt, NClt, NClt, NClt, NClt, NClt, NClt, NClt, NClt, NClt
NClt, NClt, NClt, NClt, NClt, NClt, NClt, NClt, NClt, NClt, NClt, NClt, NClt, NClt, NClt, NClt, NClt^Xo, NClt^Xo, NClt, NClt, NClt, NClt, NClt, NClt, NClt, NClt, NClt, NClt, NClt, NClt^Xo, NClt^Xo, NClt, NClt, NClt, NClt, NClt, NClt, NClt, NClt, NClt, NClt, NClt, NClt, NClt, NClt, NClt, NClt
NClt, NClt, NClt, NClt, NClt, NClt, NClt, NClt, NClt, NClt, NClt, NClt, NClt, NClt, NClt^Xo, NClt^Xo, NClt, NClt, NClt, NClt, NClt, NClt, NClt, NClt, NClt, NClt, NClt, NClt, NClt, NClt, NClt, NClt^Xo, NClt^Xo, NClt, NClt, NClt, NClt, NClt, NClt, NClt, NClt, NClt, NClt, NClt, NClt, NClt, NClt
NClt, NClt, NClt, NClt, NClt, NClt, NClt, NClt, NClt, NClt, NClt, NClt, NClt^Xo, NClt^Xo, NClt, NClt, NClt, NClt, NClt, NClt, NClt, NClt, NClt, NClt, NClt, NClt, NClt, NClt, NClt, NClt, NClt, NClt, NClt, NClt^Xo, NClt^Xo, NClt, NClt, NClt, NClt, NClt, NClt, NClt, NClt, NClt, NClt, NClt, NClt
NClt, NClt, NClt, NClt, NClt, NClt, NClt, NClt, NClt, NClt, NClt, NClt^Xo, NClt, NClt, NClt, NClt, NClt, NClt, NClt, NClt, NClt, NClt, NClt, NClt, NClt, NClt, NClt, NClt, NClt, NClt, NClt, NClt, NClt, NClt, NClt, NClt^Xo, NClt, NClt, NClt, NClt, NClt, NClt, NClt, NClt, NClt, NClt, NClt
NClt, NClt, NClt, NClt, NClt, NClt, NClt, NClt, NClt, NClt, NClt, NClt^Xo, NClt, NClt, NClt, NClt, NClt, NClt, NClt, NClt, NClt, NClt, NClt, NClt, NClt, NClt, NClt, NClt, NClt, NClt, NClt, NClt, NClt, NClt, NClt, NClt^Xo, NClt, NClt, NClt, NClt, NClt, NClt, NClt, NClt, NClt, NClt, NClt
NClt, NClt, NClt, NClt, NClt, NClt, NClt, NClt, NClt, NClt, NClt, NClt^Xo, NClt, NClt, NClt, NClt, NClt, NClt, NClt, NClt, NClt, NClt, NClt, NClt, NClt, NClt, NClt, NClt, NClt, NClt, NClt, NClt, NClt, NClt, NClt, NClt^Xo, NClt, NClt, NClt, NClt, NClt, NClt, NClt, NClt, NClt, NClt, NClt
NClt, NClt, NClt, NClt, NClt, NClt, NClt, NClt, NClt, NClt, NClt, NClt^Xo, NClt, NClt, NClt, NClt, NClt, NClt, NClt, NClt, NClt, NClt, NClt, NClt, NClt, NClt, NClt, NClt, NClt, NClt, NClt, NClt, NClt, NClt, NClt, NClt^Xo, NClt, NClt, NClt, NClt, NClt, NClt, NClt, NClt, NClt, NClt, NClt
NClt, NClt, NClt, NClt, NClt, NClt, NClt, NClt, NClt, NClt, NClt, NClt^Xo, NClt, NClt, NClt, NClt, NClt, NClt, NClt, NClt, NClt, NClt, NClt, NClt, NClt, NClt, NClt, NClt, NClt, NClt, NClt, NClt, NClt, NClt, NClt, NClt^Xo, NClt, NClt, NClt, NClt, NClt, NClt, NClt, NClt, NClt, NClt, NClt
NClt, NClt, NClt, NClt, NClt, NClt, NClt, NClt, NClt, NClt, NClt, NClt^Xo, NClt, NClt, NClt, NClt, NClt, NClt, NClt, 2 NClt, NClt, NClt, NClt, NClt, NClt, NClt, NClt, 1 NClt, NClt, NClt, NClt, NClt, NClt, NClt, NClt, NClt^Xo, NClt, NClt, NClt, NClt, NClt, NClt, NClt, NClt, NClt, NClt, NClt
NClt, NClt, NClt, NClt, NClt, NClt, NClt, NClt, NClt, NClt, NClt, NClt^Xo, NClt, NClt, NClt, NClt, NClt, NClt, NClt, NClt, NClt, NClt, NClt, NClt, NClt, NClt, NClt, NClt, NClt, NClt, NClt, NClt, NClt, NClt, NClt, NClt^Xo, NClt, NClt, NClt, NClt, NClt, NClt, NClt, NClt, NClt, NClt, NClt
NClt, NClt, NClt, NClt, NClt, NClt, NClt, NClt, NClt, NClt, NClt, NClt^Xo, NClt, NClt, NClt, NClt, NClt, NClt, NClt, NClt, NClt, NClt, NClt, NClt, NClt, NClt, NClt, NClt, NClt, NClt, NClt, NClt, NClt, NClt, NClt, NClt^Xo, NClt, NClt, NClt, NClt, NClt, NClt, NClt, NClt, NClt, NClt, NClt
NClt, NClt, NClt, NClt, NClt, NClt, NClt, NClt, NClt, NClt, NClt, NClt^Xo, NClt, NClt, NClt, NClt, NClt, NClt, NClt, NClt, NClt, NClt, NClt, NClt, NClt, NClt, NClt, NClt, NClt, NClt, NClt, NClt, NClt, NClt, NClt, NClt^Xo, NClt, NClt, NClt, NClt, NClt, NClt, NClt, NClt, NClt, NClt, NClt
NClt, NClt, NClt, NClt, NClt, NClt, NClt, NClt, NClt, NClt, NClt, NClt^Xo, NClt, NClt, NClt, NClt, NClt, NClt, NClt, NClt, NClt, NClt, NClt, NClt, NClt, NClt, NClt, NClt, NClt, NClt, NClt, NClt, NClt, NClt, NClt, NClt^Xo, NClt, NClt, NClt, NClt, NClt, NClt, NClt, NClt, NClt, NClt, NClt
NClt, NClt, NClt, NClt, NClt, NClt, NClt, NClt, NClt, NClt, NClt, NClt^Xo, NClt^Xo, NClt, NClt, NClt, NClt, NClt, NClt, NClt, NClt, NClt, NClt, NClt, NClt, NClt, NClt, NClt, NClt, NClt, NClt, NClt, NClt, NClt, NClt^Xo, NClt^Xo, NClt, NClt, NClt, NClt, NClt, NClt, NClt, NClt, NClt, NClt, NClt
NClt, NClt, NClt, NClt, NClt, NClt, NClt, NClt, NClt, NClt, NClt, NClt, NClt, NClt^Xo, NClt^Xo, NClt, NClt, NClt, NClt, NClt, NClt, NClt, NClt, NClt, NClt, NClt, NClt, NClt, NClt, NClt, NClt, NClt, NClt^Xo, NClt^Xo, NClt, NClt, NClt, NClt, NClt, NClt, NClt, NClt, NClt, NClt, NClt, NClt, NClt
NClt, NClt, NClt, NClt, NClt, NClt, NClt, NClt, NClt, NClt, NClt, NClt, NClt, NClt, NClt, NClt^Xo, NClt^Xo, NClt, NClt, NClt, NClt, NClt, NClt, NClt, NClt, NClt, NClt, NClt, NClt, NClt, NClt^Xo, NClt^Xo, NClt, NClt, NClt, NClt, NClt, NClt, NClt, NClt, NClt, NClt, NClt, NClt, NClt, NClt, NClt
NClt, NClt, NClt, NClt, NClt, NClt, NClt, NClt, NClt, NClt, NClt, NClt, NClt, NClt, NClt, NClt, NClt, NClt^Xo, NClt^Xo, NClt, NClt, NClt, NClt, NClt, NClt, NClt, NClt, NClt, NClt^Xo, NClt^Xo, NClt, NClt, NClt, NClt, NClt, NClt, NClt, NClt, NClt, NClt, NClt, NClt, NClt, NClt, NClt, NClt, NClt
NClt, NClt, NClt, NClt, NClt, NClt, NClt, NClt, NClt, NClt, NClt, NClt, NClt, NClt, NClt, NClt, NClt, NClt, NClt, NClt^Xo, NClt^Xo, NClt, NClt, NClt, NClt, NClt, NClt^Xo, NClt^Xo, NClt, NClt, NClt, NClt, NClt, NClt, NClt, NClt, NClt, NClt, NClt, NClt, NClt, NClt, NClt, NClt, NClt, NClt, NClt
NClt, NClt, NClt, NClt, NClt, NClt, NClt, NClt, NClt, NClt, NClt, NClt, NClt, NClt, NClt, NClt, NClt, NClt, NClt, NClt, NClt, NClt^Xo, NClt^Xo, NClt, NClt^Xo, NClt^Xo, NClt, NClt, NClt, NClt, NClt, NClt, NClt, NClt, NClt, NClt, NClt, NClt, NClt, NClt, NClt, NClt, NClt, NClt, NClt, NClt, NClt
NClt, NClt, NClt, NClt, NClt, NClt, NClt, NClt, NClt, NClt, NClt, NClt, NClt, NClt, NClt, NClt, NClt, NClt, NClt, NClt, NClt, NClt, NClt, NClt^Xo, NClt, NClt, NClt, NClt, NClt, NClt, NClt, NClt, NClt, NClt, NClt, NClt, NClt, NClt, NClt, NClt, NClt, NClt, NClt, NClt, NClt, NClt, NClt
NClt, NClt, NClt, NClt, NClt, NClt, NClt, NClt, NClt, NClt, NClt, NClt, NClt, NClt, NClt, NClt, NClt, NClt, NClt, NClt, NClt, NClt, NClt, NClt, NClt, NClt, NClt, NClt, NClt, NClt, NClt, NClt, NClt, NClt, NClt, NClt, NClt, NClt, NClt, NClt, NClt, NClt, NClt, NClt, NClt, NClt, NClt
NClt, NClt, NClt, NClt, NClt, NClt, NClt, NClt, NClt, NClt, NClt, NClt, NClt, NClt, NClt, NClt, NClt, NClt, NClt, NClt, NClt, NClt, NClt, NClt, NClt, NClt, NClt, NClt, NClt, NClt, NClt, NClt, NClt, NClt, NClt, NClt, NClt, NClt, NClt, NClt, NClt, NClt, NClt, NClt, NClt, NClt, NClt
NClt, NClt, NClt, NClt, NClt, NClt, NClt, NClt, NClt, NClt, NClt, NClt, NClt, NClt, NClt, NClt, NClt, NClt, NClt, NClt, NClt, NClt, NClt, NClt, NClt, NClt, NClt, NClt, NClt, NClt, NClt, NClt, NClt, NClt, NClt, NClt, NClt, NClt, NClt, NClt, NClt, NClt, NClt, NClt, NClt, NClt, NClt
NClt, NClt, NClt, NClt, NClt, NClt, NClt, NClt, NClt, NClt, NClt, NClt, NClt, NClt, NClt, NClt, NClt, NClt, NClt, NClt, NClt, NClt, NClt, NClt, NClt, NClt, NClt, NClt, NClt, NClt, NClt, NClt, NClt, NClt, NClt, NClt, NClt, NClt, NClt, NClt, NClt, NClt, NClt, NClt, NClt, NClt, NClt
