NCtL, NCtL, NCtL, NCtL, NCtL, NCtL, NCtL, NCtL, NCtL, NCtL, NCtL, NCtL, NCtL, NCtL, NCtL, NCtL, NCtL, NCtL, NCtL, NCtL, NCtL, NCtL, NCtL, NCtL, NCtL, NCtL, NCtL, NCtL, NCtL, NCtL, NCtL, NCtL, NCtL, NCtL, NCtL, NCtL, NCtL, NCtL, NCtL, NCtL, NCtL, NCtL, NCtL, NCtL, NCtL, NCtL, NCtL
NCtL, NCtL, NCtL, NCtL, NCtL, NCtL, NCtL, NCtL, NCtL, NCtL, NCtL, NCtL, NCtL, NCtL, NCtL, NCtL, NCtL, NCtL, NCtL, NCtL, NCtL, NCtL, NCtL, NCtL, NCtL, NCtL, NCtL, NCtL, NCtL, NCtL, NCtL, NCtL, NCtL, NCtL, NCtL, NCtL, NCtL, NCtL, NCtL, NCtL, NCtL, NCtL, NCtL, NCtL, NCtL, NCtL, NCtL
NCtL, NCtL, NCtL, NCtL, NCtL, NCtL, NCtL, NCtL, NCtL, NCtL, NCtL, NCtL, NCtL, NCtL, NCtL, NCtL, NCtL, NCtL, NCtL, NCtL, NCtL, NCtL, NCtL, NCtL, NCtL, NCtL, NCtL, NCtL, NCtL, NCtL, NCtL, NCtL, NCtL, NCtL, NCtL, NCtL, NCtL, NCtL, NCtL, NCtL, NCtL, NCtL, NCtL, NCtL, NCtL, NCtL, NCtL
NCtL, NCtL, NCtL, NCtL, NCtL, NCtL, NCtL, NCtL, NCtL, NCtL, NCtL, NCtL, NCtL, NCtL, NCtL, NCtL, NCtL, NCtL, NCtL, NCtL, NCtL, NCtL, NCtL^Xo, NCtL^Xo, NCtL^Xo, NCtL, NCtL, NCtL, NCtL, NCtL, NCtL, NCtL, NCtL, NCtL, NCtL, NCtL, NCtL, NCtL, NCtL, NCtL, NCtL, NCtL, NCtL, NCtL, NCtL, NCtL, NCtL
NCtL, NCtL, NCtL, NCtL, NCtL, NCtL, NCtL, NCtL, NCtL, NCtL, NCtL, NCtL, NCtL, NCtL, NCtL, NCtL, NCtL, NCtL, NCtL, NCtL, NCtL^Xo, NCtL^Xo, NCtL, NCtL, NCtL, NCtL^Xo, NCtL^Xo, NCtL, NCtL, NCtL, NCtL, NCtL, NCtL, NCtL, NCtL, NCtL, NCtL, NCtL, NCtL, NCtL, NCtL, NCtL, NCtL, NCtL, NCtL, NCtL, NCtL
NCtL, NCtL, NCtL, NCtL, NCtL, NCtL, NCtL, NCtL, NCtL, NCtL, NCtL, NCtL, NCtL, NCtL, NCtL, NCtL, NCtL, NCtL, NCtL^Xo, NCtL^Xo, NCtL, NCtL, NCtL, NCtL, NCtL, NCtL, NCtL, NCtL^Xo, NCtL^Xo, NCtL, NCtL, NCtL, NCtL, NCtL, NCtL, NCtL, NCtL, NCtL, NCtL, NCtL, NCtL, NCtL, NCtL, NCtL, NCtL, NCtL, NCtL
NCtL, NCtL, NCtL, NCtL, NCtL, NCtL, NCtL, NCtL, NCtL, NCtL, NCtL, NCtL, NCtL, NCtL, NCtL, NCtL, NCtL^Xo, NCtL^Xo, NCtL, NCtL, NCtL, NCtL, NCtL, NCtL, NCtL, NCtL, NCtL, NCtL, NCtL, NCtL^Xo, NCtL^Xo, NCtL, NCtL, NCtL, NCtL, NCtL, NCtL, NCtL, NCtL, NCtL, NCtL, NCtL, NCtL, NCtL, NCtL, NCtL, NCtL
NCtL, NCtL, NCtL, NCtL, NCtL, NCtL, NCtL, NCtL, NCtL, NCtL, NCtL, NCtL, NCtL, NCtL, NCtL^Xo, NCtL^Xo, NCtL, NCtL, NCtL, NCtL, NCtL, NCtL, NCtL, NCtL, NCtL, NCtL, NCtL, NCtL, NCtL, NCtL, NCtL, NCtL^Xo, NCtL^Xo, NCtL, NCtL, NCtL, NCtL, NCtL, NCtL, NCtL, NCtL, NCtL, NCtL, NCtL, NCtL, NCtL, NCtL
NCtL, NCtL, NCtL, NCtL, NCtL, NCtL, NCtL, NCtL, NCtL, NCtL, NCtL, NCtL, NCtL^Xo, NCtL^Xo, NCtL, NCtL, NCtL, NCtL, NCtL, NCtL, NCtL, NCtL, NCtL, NCtL, NCtL, NCtL, NCtL, NCtL, NCtL, NCtL, NCtL, NCtL, NCtL, NCtL^Xo, NCtL^Xo, NCtL, NCtL, NCtL, NCtL, NCtL, NCtL, NCtL, NCtL, NCtL, NCtL, NCtL, NCtL
NCtL, NCtL, NCtL, NCtL, NCtL, NCtL, NCtL, NCtL, NCtL, NCtL, NCtL, NCtL^Xo, NCtL, NCtL, NCtL, NCtL, NCtL, NCtL, NCtL, NCtL, NCtL, NCtL, NCtL, NCtL, NCtL, NCtL, NCtL, NCtL, NCtL, NCtL, NCtL, NCtL, NCtL, NCtL, NCtL, NCtL^Xo, NCtL, NCtL, NCtL, NCtL, NCtL, NCtL, NCtL, NCtL, NCtL, NCtL, NCtL
NCtL, NCtL, NCtL, NCtL, NCtL, NCtL, NCtL, NCtL, NCtL, NCtL, NCtL, NCtL^Xo, NCtL, NCtL, NCtL, NCtL, NCtL, NCtL, NCtL, NCtL, NCtL, NCtL, NCtL, NCtL, NCtL, NCtL, NCtL, NCtL, NCtL, NCtL, NCtL, NCtL, NCtL, NCtL, NCtL, NCtL^Xo, NCtL, NCtL, NCtL, NCtL, NCtL, NCtL, NCtL, NCtL, NCtL, NCtL, NCtL
NCtL, NCtL, NCtL, NCtL, NCtL, NCtL, NCtL, NCtL, NCtL, NCtL, NCtL, NCtL^Xo, NCtL, NCtL, NCtL, NCtL, NCtL, NCtL, NCtL, NCtL, NCtL, NCtL, NCtL, NCtL, NCtL, NCtL, NCtL, NCtL, NCtL, NCtL, NCtL, NCtL, NCtL, NCtL, NCtL, NCtL^Xo, NCtL, NCtL, NCtL, NCtL, NCtL, NCtL, NCtL, NCtL, NCtL, NCtL, NCtL
NCtL, NCtL, NCtL, NCtL, NCtL, NCtL, NCtL, NCtL, NCtL, NCtL, NCtL, NCtL^Xo, NCtL, NCtL, NCtL, NCtL, NCtL, NCtL, NCtL, NCtL, NCtL, NCtL, NCtL, NCtL, NCtL, NCtL, NCtL, NCtL, NCtL, NCtL, NCtL, NCtL, NCtL, NCtL, NCtL, NCtL^Xo, NCtL, NCtL, NCtL, NCtL, NCtL, NCtL, NCtL, NCtL, NCtL, NCtL, NCtL
NCtL, NCtL, NCtL, NCtL, NCtL, NCtL, NCtL, NCtL, NCtL, NCtL, NCtL, NCtL^Xo, NCtL, NCtL, NCtL, NCtL, NCtL, NCtL, NCtL, NCtL, NCtL, NCtL, NCtL, NCtL, NCtL, NCtL, NCtL, NCtL, NCtL, NCtL, NCtL, NCtL, NCtL, NCtL, NCtL, NCtL^Xo, NCtL, NCtL, NCtL, NCtL, NCtL, NCtL, NCtL, NCtL, NCtL, NCtL, NCtL
NCtL, NCtL, NCtL, NCtL, NCtL, NCtL, NCtL, NCtL, NCtL, NCtL, NCtL, NCtL^Xo, NCtL, NCtL, NCtL, NCtL, NCtL, NCtL, NCtL, 2 NCtL, NCtL, NCtL, NCtL, NCtL, NCtL, NCtL, NCtL, 1 NCtL, NCtL, NCtL, NCtL, NCtL, NCtL, NCtL, NCtL, NCtL^Xo, NCtL, NCtL, NCtL, NCtL, NCtL, NCtL, NCtL, NCtL, NCtL, NCtL, NCtL
NCtL, NCtL, NCtL, NCtL, NCtL, NCtL, NCtL, NCtL, NCtL, NCtL, NCtL, NCtL^Xo, NCtL, NCtL, NCtL, NCtL, NCtL, NCtL, NCtL, NCtL, NCtL, NCtL, NCtL, NCtL, NCtL, NCtL, NCtL, NCtL, NCtL, NCtL, NCtL, NCtL, NCtL, NCtL, NCtL, NCtL^Xo, NCtL, NCtL, NCtL, NCtL, NCtL, NCtL, NCtL, NCtL, NCtL, NCtL, NCtL
NCtL, NCtL, NCtL, NCtL, NCtL, NCtL, NCtL, NCtL, NCtL, NCtL, NCtL, NCtL^Xo, NCtL, NCtL, NCtL, NCtL, NCtL, NCtL, NCtL, NCtL, NCtL, NCtL, NCtL, NCtL, NCtL, NCtL, NCtL, NCtL, NCtL, NCtL, NCtL, NCtL, NCtL, NCtL, NCtL, NCtL^Xo, NCtL, NCtL, NCtL, NCtL, NCtL, NCtL, NCtL, NCtL, NCtL, NCtL, NCtL
NCtL, NCtL, NCtL, NCtL, NCtL, NCtL, NCtL, NCtL, NCtL, NCtL, NCtL, NCtL^Xo, NCtL, NCtL, NCtL, NCtL, NCtL, NCtL, NCtL, NCtL, NCtL, NCtL, NCtL, NCtL, NCtL, NCtL, NCtL, NCtL, NCtL, NCtL, NCtL, NCtL, NCtL, NCtL, NCtL, NCtL^Xo, NCtL, NCtL, NCtL, NCtL, NCtL, NCtL, NCtL, NCtL, NCtL, NCtL, NCtL
NCtL, NCtL, NCtL, NCtL, NCtL, NCtL, NCtL, NCtL, NCtL, NCtL, NCtL, NCtL^Xo, NCtL, NCtL, NCtL, NCtL, NCtL, NCtL, NCtL, NCtL, NCtL, NCtL, NCtL, NCtL, NCtL, NCtL, NCtL, NCtL, NCtL, NCtL, NCtL, NCtL, NCtL, NCtL, NCtL, NCtL^Xo, NCtL, NCtL, NCtL, NCtL, NCtL, NCtL, NCtL, NCtL, NCtL, NCtL, NCtL
NCtL, NCtL, NCtL, NCtL, NCtL, NCtL, NCtL, NCtL, NCtL, NCtL, NCtL, NCtL^Xo, NCtL^Xo, NCtL, NCtL, NCtL, NCtL, NCtL, NCtL, NCtL, NCtL, NCtL, NCtL, NCtL, NCtL, NCtL, NCtL, NCtL, NCtL, NCtL, NCtL, NCtL, NCtL, NCtL, NCtL^Xo, NCtL^Xo, NCtL, NCtL, NCtL, NCtL, NCtL, NCtL, NCtL, NCtL, NCtL, NCtL, NCtL
NCtL, NCtL, NCtL, NCtL, NCtL, NCtL, NCtL, NCtL, NCtL, NCtL, NCtL, NCtL, NCtL, NCtL^Xo, NCtL^Xo, NCtL, NCtL, NCtL, NCtL, NCtL, NCtL, NCtL, NCtL, NCtL, NCtL, NCtL, NCtL, NCtL, NCtL, NCtL, NCtL, NCtL, NCtL^Xo, NCtL^Xo, NCtL, NCtL, NCtL, NCtL, NCtL, NCtL, NCtL, NCtL, NCtL, NCtL, NCtL, NCtL, NCtL
NCtL, NCtL, NCtL, NCtL, NCtL, NCtL, NCtL, NCtL, NCtL, NCtL, NCtL, NCtL, NCtL, NCtL, NCtL, NCtL^Xo, NCtL^Xo, NCtL, NCtL, NCtL, NCtL, NCtL, NCtL, NCtL, NCtL, NCtL, NCtL, NCtL, NCtL, NCtL, NCtL^Xo, NCtL^Xo, NCtL, NCtL, NCtL, NCtL, NCtL, NCtL, NCtL, NCtL, NCtL, NCtL, NCtL, NCtL, NCtL, NCtL, NCtL
NCtL, NCtL, NCtL, NCtL, NCtL, NCtL, NCtL, NCtL, NCtL, NCtL, NCtL, NCtL, NCtL, NCtL, NCtL, NCtL, NCtL, NCtL^Xo, NCtL^Xo, NCtL, NCtL, NCtL, NCtL, NCtL, NCtL, NCtL, NCtL, NCtL, NCtL^Xo, NCtL^Xo, NCtL, NCtL, NCtL, NCtL, NCtL, NCtL, NCtL, NCtL, NCtL, NCtL, NCtL, NCtL, NCtL, NCtL, NCtL, NCtL, NCtL
NCtL, NCtL, NCtL, NCtL, NCtL, NCtL, NCtL, NCtL, NCtL, NCtL, NCtL, NCtL, NCtL, NCtL, NCtL, NCtL, NCtL, NCtL, NCtL, NCtL^Xo, NCtL^Xo, NCtL, NCtL, NCtL, NCtL, NCtL, NCtL^Xo, NCtL^Xo, NCtL, NCtL, NCtL, NCtL, NCtL, NCtL, NCtL, NCtL, NCtL, NCtL, NCtL, NCtL, NCtL, NCtL, NCtL, NCtL, NCtL, NCtL, NCtL
NCtL, NCtL, NCtL, NCtL, NCtL, NCtL, NCtL, NCtL, NCtL, NCtL, NCtL, NCtL, NCtL, NCtL, NCtL, NCtL, NCtL, NCtL, NCtL, NCtL, NCtL, NCtL^Xo, NCtL^Xo, NCtL, NCtL^Xo, NCtL^Xo, NCtL, NCtL, NCtL, NCtL, NCtL, NCtL, NCtL, NCtL, NCtL, NCtL, NCtL, NCtL, NCtL, NCtL, NCtL, NCtL, NCtL, NCtL, NCtL, NCtL, NCtL
NCtL, NCtL, NCtL, NCtL, NCtL, NCtL, NCtL, NCtL, NCtL, NCtL, NCtL, NCtL, NCtL, NCtL, NCtL, NCtL, NCtL, NCtL, NCtL, NCtL, NCtL, NCtL, NCtL, NCtL^Xo, NCtL, NCtL, NCtL, NCtL, NCtL, NCtL, NCtL, NCtL, NCtL, NCtL, NCtL, NCtL, NCtL, NCtL, NCtL, NCtL, NCtL, NCtL, NCtL, NCtL, NCtL, NCtL, NCtL
NCtL, NCtL, NCtL, NCtL, NCtL, NCtL, NCtL, NCtL, NCtL, NCtL, NCtL, NCtL, NCtL, NCtL, NCtL, NCtL, NCtL, NCtL, NCtL, NCtL, NCtL, NCtL, NCtL, NCtL, NCtL, NCtL, NCtL, NCtL, NCtL, NCtL, NCtL, NCtL, NCtL, NCtL, NCtL, NCtL, NCtL, NCtL, NCtL, NCtL, NCtL, NCtL, NCtL, NCtL, NCtL, NCtL, NCtL
NCtL, NCtL, NCtL, NCtL, NCtL, NCtL, NCtL, NCtL, NCtL, NCtL, NCtL, NCtL, NCtL, NCtL, NCtL, NCtL, NCtL, NCtL, NCtL, NCtL, NCtL, NCtL, NCtL, NCtL, NCtL, NCtL, NCtL, NCtL, NCtL, NCtL, NCtL, NCtL, NCtL, NCtL, NCtL, NCtL, NCtL, NCtL, NCtL, NCtL, NCtL, NCtL, NCtL, NCtL, NCtL, NCtL, NCtL
NCtL, NCtL, NCtL, NCtL, NCtL, NCtL, NCtL, NCtL, NCtL, NCtL, NCtL, NCtL, NCtL, NCtL, NCtL, NCtL, NCtL, NCtL, NCtL, NCtL, NCtL, NCtL, NCtL, NCtL, NCtL, NCtL, NCtL, NCtL, NCtL, NCtL, NCtL, NCtL, NCtL, NCtL, NCtL, NCtL, NCtL, NCtL, NCtL, NCtL, NCtL, NCtL, NCtL, NCtL, NCtL, NCtL, NCtL
NCtL, NCtL, NCtL, NCtL, NCtL, NCtL, NCtL, NCtL, NCtL, NCtL, NCtL, NCtL, NCtL, NCtL, NCtL, NCtL, NCtL, NCtL, NCtL, NCtL, NCtL, NCtL, NCtL, NCtL, NCtL, NCtL, NCtL, NCtL, NCtL, NCtL, NCtL, NCtL, NCtL, NCtL, NCtL, NCtL, NCtL, NCtL, NCtL, NCtL, NCtL, NCtL, NCtL, NCtL, NCtL, NCtL, NCtL
