_off^_usr, _off^_usr, _off^_usr, _off^_usr, _off^_usr, _off^_usr, _off^_usr, _off^_usr, _off^_usr, _off^_usr, _off^_usr, _off^_usr, _off^_usr, _off^_usr, _off^_usr, _off^_usr, _off^_usr, _off^_usr, _off^_usr, _off^_usr, Ql, Ql, Ql, Ql, Ql, Ql, Ql, Ql, _off^_usr, _off^_usr, _off^_usr, _off^_usr, _off^_usr, _off^_usr, _off^_usr, _off^_usr, _off^_usr, _off^_usr, Xu, Xue, Xue, Re, Re^Br/, Re^Br/, Re, Re, Xu
_off^_usr, _off^_usr, _off^_usr, _off^_usr, _off^_usr, _off^_usr, _off^_usr, _off^_usr, _off^_usr, _off^_usr, _off^_usr, _off^_usr, _off^_usr, _off^_usr, _off^_usr, _off^_usr, _off^_usr, _off^_usr, _off^_usr, Ql, Ql, Ql, Ql, Ql, Ql, Ql, Ql, Ql, _off^_usr, _off^_usr, _off^_usr, _off^_usr, _off^_usr, _off^_usr, _off^_usr, _off^_usr, _off^_usr, _off^_usr, Xue, Xue, Rb, Rb, Re^Br|, Rb, Rb, Xue, Xue
_off^_usr, _off^_usr, _off^_usr, _off^_usr, _off^_usr, _off^_usr, _off^_usr, _off^_usr, _off^_usr, _off^_usr, _off^_usr, _off^_usr, _off^_usr, _off^_usr, _off^_usr, _off^_usr, _off^_usr, _off^_usr, Ql, Ql, Ql, Ql, Ql, Ql, Ql, Ql, Ql, Ql, Qlf, _off^_usr, _off^_usr, _off^_usr, _off^_usr, _off^_usr, _off^_usr, _off^_usr, _off^_usr, Xue, Xue^Efs, Uue, Uue^Br|, Uue^Br/, Uue, Rb, Xom, Xue, Xue
_off^_usr, _off^_usr, _off^_usr, _off^_usr, _off^_usr, _off^_usr, _off^_usr, _off^_usr, _off^_usr, _off^_usr, _off^_usr, _off^_usr, _off^_usr, _off^_usr, _off^_usr, _off^_usr, Ql, Ql, Ql, Ql, Ql, Ql, Ql, Ql, Ql, Ql, Qlf, Qlf, Qlf, _off^_usr, _off^_usr, _off^_usr, _off^_usr, _off^_usr, _off^_usr, _off^_usr, Xuc, Xue, Uu, Uue^Vct, Uue^Br|, Uue^Edt, Uue^Edt, Xom, Xue, Xue, _off^_usr
_off^_usr, _off^_usr, _off^_usr, _off^_usr, _off^_usr, _off^_usr, _off^_usr, _off^_usr, _off^_usr, _off^_usr, _off^_usr, _off^_usr, _off^_usr, _off^_usr, _off^_usr, _off^_usr, Ql, Ql, Ql, Ql, Ql, Ql, Qlf, Ql, Ql, Ql, Qlf, Qlf, Qlf, _off^_usr, _off^_usr, _off^_usr, _off^_usr, _off^_usr, _off^_usr, _off^_usr, Xuc, Tb^Tf, Uu, Uh, Ur^Br/, Uu^Edt, Xom, Xom, _off^_usr, _off^_usr, _off^_usr
_off^_usr, _off^_usr, _off^_usr, _off^_usr, _off^_usr, _off^_usr, _off^_usr, _off^_usr, _off^_usr, _off^_usr, _off^_usr, _off^_usr, _off^_usr, _off^_usr, _off^_usr, _off^_usr, Ql, Ql, Ql, Ql, Ql, Xu, Xu, Qlf, Qlf, Qlf, Qlf, Qlf, Qlf, _off^_usr, _off^_usr, _off^_usr, _off^_usr, _off^_usr, _off^_usr, Xuc, Xuc^Efs, Xuc, Ur^Br/, Ur^Br/, Uu^Em, Uu^Em, Xu, _off^_usr, _off^_usr, _off^_usr, _off^_usr
_off^_usr, _off^_usr, _off^_usr, _off^_usr, _off^_usr, _off^_usr, _off^_usr, _off^_usr, _off^_usr, _off^_usr, _off^_usr, _off^_usr, _off^_usr, _off^_usr, _off^_usr, _off^_usr, _off^_usr, Ql, Ql, Ql, Ql, Ql, Xuc, Xu, Xu, Qlf, Qlf, Qlf, Xu, _off^_usr, _off^_usr, _off^_usr, _off^_usr, _off^_usr, Xu, Xuc, Ur^Br/, Ur^Br/, Uu, Uu, Xu, Xu, _off^_usr, _off^_usr, _off^_usr, _off^_usr, _off^_usr
_off^_usr, _off^_usr, _off^_usr, _off^_usr, _off^_usr, _off^_usr, _off^_usr, _off^_usr, _off^_usr, _off^_usr, _off^_usr, _off^_usr, _off^_usr, _off^_usr, _off^_usr, _off^_usr, Xu, Xu, Uh, Ql, Ql, Xu^Efs, Ur^Vct, Xuc, Xu, Qlf, Qlf, Xu, Xu^Efs, Xu, Xu, Xu, Xu^Efs, Xu, Ur^Br/, Ur^Br/, Uh, Uu, Xu, Xu, _off^_usr, _off^_usr, _off^_usr, _off^_usr, _off^_usr, _off^_usr, _off^_usr
_off^_usr, _off^_usr, _off^_usr, _off^_usr, _off^_usr, _off^_usr, _off^_usr, _off^_usr, _off^_usr, _off^_usr, _off^_usr, _off^_usr, _off^_usr, _off^_usr, Xu, Xu, Qxu, Xu, Uh, Ql, Uu, Ur, Tb^Tfi, Xuc, Xu, Uu, Uu, Uu, Ur^Br/, Uu^Edt, Uu^Edt, Uu^Edt, Ur^Br/, Ur^Br/, Uh, Uh, Uu, Uh, Xu, _off^_usr, _off^_usr, _off^_usr, _off^_usr, _off^_usr, _off^_usr, _off^_usr, _off^_usr
_off^_usr, _off^_usr, _off^_usr, _off^_usr, _off^_usr, _off^_usr, _off^_usr, _off^_usr, _off^_usr, _off^_usr, _off^_usr, _off^_usr, Xu, _off^_usr, Xu, Qxu, Qxu, Uh, Uh, Uh, Uu^Edb, Ur, Xu, Xuc, Uu, Uu, Ur^Br/, Ur^Br/, Uh, Ur^Br\, Ur^Br\, Ur^Br/, Qxu, Uh, Uu, Uu, Xu, Xu, _off^_usr, _off^_usr, _off^_usr, _off^_usr, _off^_usr, _off^_usr, _off^_usr, _off^_usr, _off^_usr
_off^_usr, _off^_usr, _off^_usr, _off^_usr, _off^_usr, _off^_usr, _off^_usr, _off^_usr, Xu, Xu, Xu, Xu, Qxu, Xu, Tb^Tf, Uu, Qxu, Qxu, Uu, Uu^Edb, Uu^Edb, Ur^Edb, Xu, Xu^Efs, Ur^Br/, Ur^Br/, Xu, Uu, Xu, Uu, Xu, Qxu, Qxu, Qxu, Qxu, Xu, _off^_usr, _off^_usr, _off^_usr, _off^_usr, _off^_usr, _off^_usr, _off^_usr, _off^_usr, _off^_usr, _off^_usr, _off^_usr
_off^_usr, _off^_usr, _off^_usr, _off^_usr, _off^_usr, _off^_usr, _off^_usr, Xu, Ur^Br\, Tb^Tfi, Uu, Xu, Qxu, Xu, Uu, Uu, Qxu, Qxu, Qxu, Uu^Edb, Uu, Ur, Ur^Br/, Ur^Br/, Xu, Xu, _off^_usr, Xu, _off^_usr, Xu, _off^_usr, Qxu, Qxu, Qxu, Qxu, Qxu, _off^_usr, _off^_usr, _off^_usr, _off^_usr, _off^_usr, _off^_usr, _off^_usr, _off^_usr, _off^_usr, _off^_usr, _off^_usr
_off^_usr, _off^_usr, _off^_usr, _off^_usr, _off^_usr, _off^_usr, _off^_usr, Ur^Br/, Xu, Ur^Br\, Ur^Br\, Qxu, Qxu, Uu, Ur^Br\, Uu, Uh, Qxu, Uu, Uu, Ur^Br/, Ur^Br/, Xu, Xu, _off^_usr, _off^_usr, _off^_usr, _off^_usr, _off^_usr, _off^_usr, _off^_usr, Qxu, _off^_usr, _off^_usr, _off^_usr, _off^_usr, _off^_usr, _off^_usr, _off^_usr, _off^_usr, _off^_usr, _off^_usr, _off^_usr, _off^_usr, _off^_usr, _off^_usr, _off^_usr
_off^_usr, _off^_usr, _off^_usr, _off^_usr, _off^_usr, _off^_usr, _off^_usr, _off^_usr, Xu, Xu, Xu, Ur^Br\, Ur^Br\, Ur^Br/, Ur^Edt, Ur^Br\, Ur^Br\, Uu^Br/, Ur^Br\, Ur^Br/, Uu, Ur, Xuc^Efs, Xuc, Xuc, _off^_usr, _off^_usr, _off^_usr, _off^_usr, _off^_usr, _off^_usr, _off^_usr, _off^_usr, _off^_usr, _off^_usr, _off^_usr, _off^_usr, _off^_usr, _off^_usr, _off^_usr, _off^_usr, _off^_usr, _off^_usr, _off^_usr, _off^_usr, _off^_usr, _off^_usr
_off^_usr, _off^_usr, Ql, Ql, Ql, Ql, Ql, Xu, Qlf, Xu, Uu, Xu, Uu^Edt, Uu^Edt, Ur^Edb, Uh, Uh, Uu, Ur^Br|, Uu, Uu^Edb, Ur^Edb, Ur^Edb, Ur^Vct, Qxu^Bp\, Uu, Ur^Br/, _off^_usr, _off^_usr, _off^_usr, _off^_usr, _off^_usr, _off^_usr, _off^_usr, _off^_usr, _off^_usr, _off^_usr, _off^_usr, _off^_usr, _off^_usr, _off^_usr, _off^_usr, _off^_usr, _off^_usr, _off^_usr, _off^_usr, _off^_usr
_off^_usr, Ql, _off^_usr, _off^_usr, _off^_usr, Ql, Ql, Ql, Qlf, Qlf, Uu, Uu, Uu, Uu^Edt, Ur^Edt, Uu^Edt, Uh, Uh, Ur^Br|, Uu, Uu, Ur^Edb, Qxu, Qxu, Ur^Br/, Ur^Br/, Uu, _off^_usr, _off^_usr, _off^_usr, _off^_usr, _off^_usr, _off^_usr, _off^_usr, _off^_usr, _off^_usr, _off^_usr, _off^_usr, _off^_usr, _off^_usr, _off^_usr, _off^_usr, _off^_usr, _off^_usr, _off^_usr, _off^_usr, _off^_usr
_off^_usr, _off^_usr, _off^_usr, _off^_usr, _off^_usr, Ql, Ql, Ql, Xu, Xu, Uu, Qxu, Ur^Edb, Ur, Tb^Tf, Ur, Ur, Uh, Ur^Br|, Uu, Ur^Br/, Ur^Br/, Ur^Br\, Ur^Br/, Uu, Uu, Uh, _off^_usr, _off^_usr, _off^_usr, _off^_usr, _off^_usr, _off^_usr, _off^_usr, _off^_usr, _off^_usr, _off^_usr, _off^_usr, _off^_usr, _off^_usr, _off^_usr, _off^_usr, _off^_usr, _off^_usr, _off^_usr, _off^_usr, _off^_usr
_off^_usr, _off^_usr, _off^_usr, _off^_usr, _off^_usr, _off^_usr, _off^_usr, _off^_usr, Qxu, Qxu, Qxu, Qxu, Ur^Edb, Uu^Edb, Uh, Uh, Uu, Ur, Ur^Br|, Ur^Br/, Xu, Uu, Xu, Xu, Qlf, Qlf, Qlf, Qlf, Qlf, _off^_usr, _off^_usr, _off^_usr, _off^_usr, _off^_usr, _off^_usr, _off^_usr, _off^_usr, _off^_usr, _off^_usr, _off^_usr, _off^_usr, _off^_usr, _off^_usr, _off^_usr, _off^_usr, _off^_usr, _off^_usr
_off^_usr, _off^_usr, _off^_usr, _off^_usr, _off^_usr, _off^_usr, _off^_usr, _off^_usr, Qxu, Qxu, Qxu, Tb^Tfi, Ur^Vct, Uh, Uh, Uh, Uu^Edt, Uu, Ur^Br|, Xu^Efs, Xu, Xu, Qlf, Qlf, Qlf, Qlf, Qlf, Qlf, Qlf, Qlf, Qlf, _off^_usr, _off^_usr, _off^_usr, _off^_usr, _off^_usr, _off^_usr, _off^_usr, _off^_usr, _off^_usr, _off^_usr, _off^_usr, _off^_usr, _off^_usr, _off^_usr, _off^_usr, _off^_usr
_off^_usr, _off^_usr, _off^_usr, _off^_usr, _off^_usr, _off^_usr, _off^_usr, Qxu, Qxu, Qxu, Qxu, Qxu, Xuc^Efs, Uh, Xu, Xu, Xu, Uu, Ur^Br|, Uu, Xu, Qlf, Qlf, Qlf, Qlf, Qlf, Qlf, Qlf, Qlf, Qlf, Qlf, Qlf, _off^_usr, _off^_usr, Ql, _off^_usr, _off^_usr, _off^_usr, _off^_usr, _off^_usr, _off^_usr, _off^_usr, _off^_usr, _off^_usr, _off^_usr, _off^_usr, _off^_usr
_off^_usr, _off^_usr, _off^_usr, _off^_usr, _off^_usr, _off^_usr, _off^_usr, _off^_usr, _off^_usr, Qxu, Qxu, Xu, Xu, Xu, Xu, Xu, Xu, Xu^Efs, Ur^Br/, Xu, _off^_usr, Qlf, Qlf, Qlf, Qlf, Qlf, Qlf, Qlf, Qlf, Qlf, Qlf, Qlf, Ql, Ql, Ql, Ql, _off^_usr, _off^_usr, _off^_usr, _off^_usr, _off^_usr, _off^_usr, _off^_usr, _off^_usr, _off^_usr, _off^_usr, _off^_usr
_off^_usr, _off^_usr, _off^_usr, _off^_usr, _off^_usr, _off^_usr, _off^_usr, _off^_usr, _off^_usr, Qxu, Xu, Xu, Xu, Xu, Ur^Br/, Ur^Br/, Ur^Br\, Ur^Br/, Xu, Xu, _off^_usr, _off^_usr, _off^_usr, Qlf, Ql, Qlf, Ql, Qlf, Ql, Qlf, Qlf, Qlf, Ql, Ql, Ql, Ql, _off^_usr, _off^_usr, _off^_usr, _off^_usr, _off^_usr, _off^_usr, _off^_usr, _off^_usr, _off^_usr, _off^_usr, _off^_usr
_off^_usr, _off^_usr, _off^_usr, _off^_usr, _off^_usr, _off^_usr, _off^_usr, _off^_usr, Xu, Xu, Ur^Br\, Xu^Efs, Uu^Br/, Ur^Br/, Ur^Br|, Xu, Xu, Xu, _off^_usr, _off^_usr, _off^_usr, _off^_usr, Ql, Ql, Ql, Ql, Ql, Ql, Ql, Ql, Ql, Ql, Ql, Ql, Ql, Ql, _off^_usr, _off^_usr, _off^_usr, _off^_usr, _off^_usr, _off^_usr, _off^_usr, _off^_usr, _off^_usr, _off^_usr, _off^_usr
_off^_usr, _off^_usr, _off^_usr, _off^_usr, _off^_usr, _off^_usr, _off^_usr, Xu^Efs, Ur^Br/, Ur^Br/, Xu, Ur^Br/, Uh, Uh, Ur^Br\, Xu^Efs, Xu, _off^_usr, _off^_usr, _off^_usr, _off^_usr, _off^_usr, Ql, Ql, Ql, Ql, Ql, Ql, Ql, Ql, Ql, Ql, Ql, Ql, Ql, _off^_usr, _off^_usr, _off^_usr, _off^_usr, _off^_usr, _off^_usr, _off^_usr, _off^_usr, _off^_usr, _off^_usr, _off^_usr, _off^_usr
_off^_usr, _off^_usr, _off^_usr, _off^_usr, _off^_usr, _off^_usr, _off^_usr, Ur^Br/, _off^_usr, Xu, _off^_usr, Xu, Xu, Xu, Xu, Ur^Br|, Xu, _off^_usr, _off^_usr, _off^_usr, _off^_usr, _off^_usr, _off^_usr, Ql, Ql, Ql, _off^_usr, _off^_usr, _off^_usr, Ql, Ql, Ql, Ql, Ql, _off^_usr, _off^_usr, _off^_usr, _off^_usr, _off^_usr, _off^_usr, _off^_usr, _off^_usr, _off^_usr, _off^_usr, _off^_usr, _off^_usr, _off^_usr
_off^_usr, _off^_usr, _off^_usr, _off^_usr, _off^_usr, _off^_usr, _off^_usr, _off^_usr, _off^_usr, _off^_usr, _off^_usr, _off^_usr, _off^_usr, _off^_usr, Xu, Ur^Br|, Tb^Tf, Xu, _off^_usr, _off^_usr, _off^_usr, _off^_usr, _off^_usr, _off^_usr, _off^_usr, _off^_usr, _off^_usr, _off^_usr, _off^_usr, _off^_usr, _off^_usr, Ql, _off^_usr, _off^_usr, _off^_usr, _off^_usr, _off^_usr, _off^_usr, _off^_usr, _off^_usr, _off^_usr, _off^_usr, _off^_usr, _off^_usr, _off^_usr, _off^_usr, _off^_usr
_off^_usr, _off^_usr, _off^_usr, _off^_usr, _off^_usr, _off^_usr, _off^_usr, _off^_usr, _off^_usr, _off^_usr, _off^_usr, _off^_usr, Xu, Xu^Efs, Ur^Br/, Ur^Br/, Xu, Xu, _off^_usr, _off^_usr, _off^_usr, _off^_usr, _off^_usr, _off^_usr, _off^_usr, _off^_usr, _off^_usr, _off^_usr, _off^_usr, _off^_usr, _off^_usr, _off^_usr, _off^_usr, _off^_usr, _off^_usr, _off^_usr, _off^_usr, _off^_usr, _off^_usr, _off^_usr, _off^_usr, _off^_usr, _off^_usr, _off^_usr, _off^_usr, _off^_usr, _off^_usr
_off^_usr, _off^_usr, _off^_usr, _off^_usr, _off^_usr, _off^_usr, _off^_usr, _off^_usr, _off^_usr, _off^_usr, _off^_usr, _off^_usr, _off^_usr, Ur^Br|, _off^_usr, Xu, _off^_usr, _off^_usr, _off^_usr, _off^_usr, _off^_usr, _off^_usr, _off^_usr, _off^_usr, _off^_usr, _off^_usr, _off^_usr, _off^_usr, _off^_usr, _off^_usr, _off^_usr, _off^_usr, _off^_usr, _off^_usr, _off^_usr, _off^_usr, _off^_usr, _off^_usr, _off^_usr, _off^_usr, _off^_usr, _off^_usr, _off^_usr, _off^_usr, _off^_usr, _off^_usr, _off^_usr
_off^_usr, _off^_usr, _off^_usr, _off^_usr, _off^_usr, _off^_usr, _off^_usr, _off^_usr, _off^_usr, _off^_usr, _off^_usr, _off^_usr, _off^_usr, _off^_usr, _off^_usr, _off^_usr, _off^_usr, _off^_usr, _off^_usr, _off^_usr, _off^_usr, _off^_usr, _off^_usr, _off^_usr, _off^_usr, _off^_usr, _off^_usr, _off^_usr, _off^_usr, _off^_usr, _off^_usr, _off^_usr, _off^_usr, _off^_usr, _off^_usr, _off^_usr, _off^_usr, _off^_usr, _off^_usr, _off^_usr, _off^_usr, _off^_usr, _off^_usr, _off^_usr, _off^_usr, _off^_usr, _off^_usr
_off^_usr, _off^_usr, _off^_usr, _off^_usr, _off^_usr, _off^_usr, _off^_usr, _off^_usr, _off^_usr, _off^_usr, _off^_usr, _off^_usr, _off^_usr, _off^_usr, _off^_usr, _off^_usr, _off^_usr, _off^_usr, _off^_usr, _off^_usr, _off^_usr, _off^_usr, _off^_usr, _off^_usr, _off^_usr, _off^_usr, _off^_usr, _off^_usr, _off^_usr, _off^_usr, _off^_usr, _off^_usr, _off^_usr, _off^_usr, _off^_usr, _off^_usr, _off^_usr, _off^_usr, _off^_usr, _off^_usr, _off^_usr, _off^_usr, _off^_usr, _off^_usr, _off^_usr, _off^_usr, _off^_usr
